// Jest Snapshot v1, https://goo.gl/fbAQLP

exports[`Pruebas en <RealExampleRef /> Debe mostrarse correctamente 1`] = `
<Fragment>
  <h1>
    Real Example Ref
  </h1>
  <hr />
  <button
    className="btn btn-primary"
    onClick={[Function]}
  >
    Show/Hide
  </button>
</Fragment>
`;
