// Jest Snapshot v1, https://goo.gl/fbAQLP

exports[`Pruebas en <HomeScreen /> Debe mostrarse correctamente 1`] = `<HomeScreen />`;
